// Jest Snapshot v1, https://goo.gl/fbAQLP

exports[`Navigation renders without crashing 1`] = `ShallowWrapper {}`;
